src/app/ops-family-sponsorship/page.tsx(431,5): error TS1005: ',' expected.
src/app/ops-family-sponsorship/page.tsx(431,10): error TS1389: 'if' is not allowed as a variable declaration name.
src/app/ops-family-sponsorship/page.tsx(768,1): error TS1128: Declaration or statement expected.
src/app/report-appointment/page.tsx(272,12): error TS17008: JSX element 'CardContent' has no corresponding closing tag.
src/app/report-appointment/page.tsx(357,14): error TS1381: Unexpected token. Did you mean `{'}'}` or `&rbrace;`?
src/app/report-appointment/page.tsx(358,17): error TS17015: Expected corresponding closing tag for JSX fragment.
src/app/report-appointment/page.tsx(358,28): error TS1382: Unexpected token. Did you mean `{'>'}` or `&gt;`?
src/app/report-monthly-leads-received/page.tsx(497,16): error TS17008: JSX element 'div' has no corresponding closing tag.
